2026-08-22 21:42:26 Always-run watchdog started
2026-08-22 21:42:34 Starting Cloudflare tunnel to http://localhost:3000
2026-08-22 21:43:01 Public login URL: https://insured-norman-artistic-walter.trycloudflare.com/auth/login
2026-08-22 22:04:47 Always-run watchdog started
2026-08-22 22:09:49 Always-run watchdog started
2026-08-22 22:25:24 Always-run watchdog started
2026-08-22 22:44:35 Starting DMS app on port 3000
2026-08-22 23:10:31 Always-run watchdog started
2026-08-22 23:11:29 Starting DMS app on port 3000
2026-08-22 23:12:40 Starting Cloudflare tunnel to http://localhost:3000
2026-08-22 23:13:24 Starting DMS app on port 3000
2026-08-22 23:13:57 Starting DMS app on port 3000
2026-08-22 23:14:03 Public login URL: https://combines-mumbai-had-jewellery.trycloudflare.com/auth/login
2026-08-22 23:59:56 Always-run watchdog started
2026-08-22 23:59:58 Starting DMS app on port 3000
2026-08-23 00:00:17 Starting Cloudflare tunnel to http://localhost:3000
2026-08-23 00:01:35 Always-run watchdog started
2026-08-23 00:01:40 Public login URL: https://passage-impression-showing-amendment.trycloudflare.com/auth/login
2026-08-23 06:08:51 Starting DMS app on port 3000
2026-08-23 07:02:34 Always-run watchdog started
2026-08-23 07:02:37 Starting DMS app on port 3000
2026-08-23 07:02:45 Starting Cloudflare tunnel to http://localhost:3000
2026-08-23 07:03:30 Always-run watchdog started
2026-08-23 07:03:32 Public login URL: https://dimensions-horse-offset-cooking.trycloudflare.com/auth/login
2026-08-23 07:23:02 Starting DMS app on port 3000
2026-08-23 07:23:07 Starting Cloudflare tunnel to http://localhost:3000
2026-08-23 07:23:24 Public login URL: https://usgs-pointed-msgstr-eval.trycloudflare.com/auth/login
2026-08-23 07:30:15 Starting DMS app on port 3000
2026-08-23 08:17:02 Starting DMS app on port 3000
2026-08-23 08:54:07 Starting DMS app on port 3000
2026-08-23 10:21:19 Public login URL: https://george-latitude-referred-governments.trycloudflare.com/auth/login
2026-08-23 13:05:36 Starting Cloudflare tunnel to http://localhost:3000
2026-08-23 13:05:53 Starting Cloudflare tunnel to http://localhost:3000
2026-08-23 13:06:10 Starting Cloudflare tunnel to http://localhost:3000
2026-08-23 13:06:27 Starting Cloudflare tunnel to http://localhost:3000
2026-08-23 13:06:45 Starting Cloudflare tunnel to http://localhost:3000
2026-08-23 13:07:02 Starting Cloudflare tunnel to http://localhost:3000
2026-08-23 13:07:19 Starting Cloudflare tunnel to http://localhost:3000
2026-08-23 13:07:36 Starting Cloudflare tunnel to http://localhost:3000
2026-08-23 13:07:53 Starting Cloudflare tunnel to http://localhost:3000
2026-08-23 13:08:10 Starting Cloudflare tunnel to http://localhost:3000
2026-08-23 13:08:27 Starting Cloudflare tunnel to http://localhost:3000
2026-08-23 13:08:45 Starting Cloudflare tunnel to http://localhost:3000
2026-08-23 13:09:02 Starting Cloudflare tunnel to http://localhost:3000
2026-08-23 13:09:19 Starting Cloudflare tunnel to http://localhost:3000
2026-08-23 13:09:36 Starting Cloudflare tunnel to http://localhost:3000
2026-08-23 13:09:53 Starting Cloudflare tunnel to http://localhost:3000
2026-08-23 13:10:10 Starting Cloudflare tunnel to http://localhost:3000
2026-08-23 13:10:27 Starting Cloudflare tunnel to http://localhost:3000
2026-08-23 13:10:45 Starting Cloudflare tunnel to http://localhost:3000
2026-08-23 13:11:02 Starting Cloudflare tunnel to http://localhost:3000
2026-08-23 13:11:19 Starting Cloudflare tunnel to http://localhost:3000
2026-08-23 13:11:36 Starting Cloudflare tunnel to http://localhost:3000
2026-08-23 13:11:53 Starting Cloudflare tunnel to http://localhost:3000
2026-08-23 13:12:10 Starting Cloudflare tunnel to http://localhost:3000
2026-08-23 13:12:27 Starting Cloudflare tunnel to http://localhost:3000
2026-08-23 13:12:45 Starting Cloudflare tunnel to http://localhost:3000
2026-08-23 13:13:02 Starting Cloudflare tunnel to http://localhost:3000
2026-08-23 13:13:19 Starting Cloudflare tunnel to http://localhost:3000
2026-08-23 13:13:36 Starting Cloudflare tunnel to http://localhost:3000
2026-08-23 13:13:53 Starting Cloudflare tunnel to http://localhost:3000
2026-08-23 13:14:10 Starting Cloudflare tunnel to http://localhost:3000
2026-08-23 13:14:27 Starting Cloudflare tunnel to http://localhost:3000
2026-08-23 13:14:44 Starting Cloudflare tunnel to http://localhost:3000
2026-08-23 13:15:02 Starting Cloudflare tunnel to http://localhost:3000
2026-08-23 13:15:19 Starting Cloudflare tunnel to http://localhost:3000
2026-08-23 13:15:36 Starting Cloudflare tunnel to http://localhost:3000
2026-08-23 13:15:53 Starting Cloudflare tunnel to http://localhost:3000
2026-08-23 13:16:10 Starting Cloudflare tunnel to http://localhost:3000
2026-08-23 13:16:27 Starting Cloudflare tunnel to http://localhost:3000
2026-08-23 13:16:44 Starting Cloudflare tunnel to http://localhost:3000
2026-08-23 13:17:02 Starting Cloudflare tunnel to http://localhost:3000
2026-08-23 13:17:19 Starting Cloudflare tunnel to http://localhost:3000
2026-08-23 13:17:36 Starting Cloudflare tunnel to http://localhost:3000
2026-08-23 13:17:53 Starting Cloudflare tunnel to http://localhost:3000
2026-08-23 13:18:10 Starting Cloudflare tunnel to http://localhost:3000
2026-08-23 13:18:27 Starting Cloudflare tunnel to http://localhost:3000
2026-08-23 13:18:44 Starting Cloudflare tunnel to http://localhost:3000
2026-08-23 13:19:02 Starting Cloudflare tunnel to http://localhost:3000
2026-08-23 13:19:19 Starting Cloudflare tunnel to http://localhost:3000
2026-08-23 13:19:36 Starting Cloudflare tunnel to http://localhost:3000
2026-08-23 13:19:53 Starting Cloudflare tunnel to http://localhost:3000
2026-08-23 13:20:10 Starting Cloudflare tunnel to http://localhost:3000
2026-08-23 13:20:27 Starting Cloudflare tunnel to http://localhost:3000
2026-08-23 13:20:44 Starting Cloudflare tunnel to http://localhost:3000
2026-08-23 13:21:02 Starting Cloudflare tunnel to http://localhost:3000
2026-08-23 13:21:19 Starting Cloudflare tunnel to http://localhost:3000
2026-08-23 13:21:36 Starting Cloudflare tunnel to http://localhost:3000
2026-08-23 13:21:53 Starting Cloudflare tunnel to http://localhost:3000
2026-08-23 13:22:10 Starting Cloudflare tunnel to http://localhost:3000
2026-08-23 13:22:27 Starting Cloudflare tunnel to http://localhost:3000
2026-08-23 13:22:44 Starting Cloudflare tunnel to http://localhost:3000
2026-08-23 13:23:02 Starting Cloudflare tunnel to http://localhost:3000
2026-08-23 13:23:19 Starting Cloudflare tunnel to http://localhost:3000
2026-08-23 13:23:36 Starting Cloudflare tunnel to http://localhost:3000
2026-08-23 13:23:53 Starting Cloudflare tunnel to http://localhost:3000
2026-08-23 13:24:10 Starting Cloudflare tunnel to http://localhost:3000
2026-08-23 13:24:27 Starting Cloudflare tunnel to http://localhost:3000
2026-08-23 13:24:45 Starting Cloudflare tunnel to http://localhost:3000
2026-08-23 13:25:02 Starting Cloudflare tunnel to http://localhost:3000
2026-08-23 13:25:19 Starting Cloudflare tunnel to http://localhost:3000
2026-08-23 13:25:36 Starting Cloudflare tunnel to http://localhost:3000
2026-08-23 13:25:53 Starting Cloudflare tunnel to http://localhost:3000
2026-08-23 13:26:10 Starting Cloudflare tunnel to http://localhost:3000
2026-08-23 13:26:28 Starting Cloudflare tunnel to http://localhost:3000
2026-08-23 13:26:45 Starting Cloudflare tunnel to http://localhost:3000
2026-08-23 13:27:02 Starting Cloudflare tunnel to http://localhost:3000
2026-08-23 13:27:19 Starting Cloudflare tunnel to http://localhost:3000
2026-08-23 13:27:36 Starting Cloudflare tunnel to http://localhost:3000
2026-08-23 13:27:53 Starting Cloudflare tunnel to http://localhost:3000
2026-08-23 13:28:10 Starting Cloudflare tunnel to http://localhost:3000
2026-08-23 13:28:27 Starting Cloudflare tunnel to http://localhost:3000
2026-08-23 13:28:45 Public login URL: https://ind-wellington-protected-pgp.trycloudflare.com/auth/login
2026-08-23 19:26:36 Public login URL: https://bush-besides-declared-reaches.trycloudflare.com/auth/login
2026-08-23 20:57:40 Starting DMS app on port 3000
2026-08-23 21:06:19 Public login URL: https://astronomy-postcards-more-corporations.trycloudflare.com/auth/login
2026-08-24 03:10:31 Starting DMS app on port 3000
2026-08-24 11:27:09 Starting DMS app on port 3000
2026-08-24 11:44:27 Starting DMS app on port 3000
2026-08-24 11:56:24 Starting DMS app on port 3000
2026-08-24 13:13:46 Starting DMS app on port 3000
2026-08-24 13:29:11 Starting DMS app on port 3000
2026-08-24 14:05:21 Starting DMS app on port 3000
2026-08-24 15:37:45 Starting DMS app on port 3000
2026-08-24 16:32:54 Always-run watchdog started (SQLite, tunnel off)
2026-08-24 16:32:57 Starting DMS app on port 3000 (SQLite, no Cloudflare tunnel)
2026-08-24 16:32:59 Login URL: http://127.0.0.1:3000/auth/login
2026-08-24 16:49:45 Always-run watchdog started (SQLite, tunnel off)
2026-08-24 17:42:53 Always-run watchdog started (SQLite, tunnel off)
2026-08-24 17:42:56 Starting DMS app on port 3000 (SQLite, no Cloudflare tunnel)
2026-08-24 19:59:42 Always-run watchdog started
2026-08-24 19:59:45 Starting Cloudflare tunnel to http://localhost:3000
2026-08-24 20:00:07 Public login URL: https://lenders-rrp-showcase-tension.trycloudflare.com/auth/login
2026-08-25 05:41:06 Always-run watchdog started
2026-08-25 05:41:08 Starting DMS app on port 3000
2026-08-25 05:41:13 Starting Cloudflare tunnel to http://localhost:3000
2026-08-25 05:41:35 Public login URL: https://slightly-look-warned-dozen.trycloudflare.com/auth/login
2026-08-25 09:32:29 Always-run watchdog started
2026-08-25 09:32:31 Starting DMS app on port 3000
2026-08-25 11:35:29 Starting DMS app on port 3000
2026-08-25 14:10:43 Starting DMS app on port 3000
2026-08-25 15:55:26 Starting DMS app on port 3000
2026-08-25 16:21:43 Starting DMS app on port 3000
2026-08-25 18:15:41 Starting DMS app on port 3000
2026-08-25 21:17:04 Starting DMS app on port 3000
2026-08-25 21:31:45 Starting DMS app on port 3000
2026-08-25 22:09:32 Starting DMS app on port 3000
2026-08-25 22:12:48 Starting DMS app on port 3000
2026-08-25 22:46:02 Starting DMS app on port 3000
2026-08-25 23:56:44 Starting DMS app on port 3000
2026-08-26 06:26:17 Starting DMS app on port 3000
2026-08-26 06:35:16 Starting DMS app on port 3000
2026-08-26 06:44:05 Starting DMS app on port 3000
2026-08-26 08:06:50 Always-run watchdog started
2026-08-26 08:06:52 Starting DMS app on port 3000
2026-08-26 08:06:56 Starting Cloudflare tunnel to http://localhost:3000
2026-08-26 08:07:18 Public login URL: https://structures-gym-someone-san.trycloudflare.com/auth/login
2026-08-26 12:59:59 Always-run watchdog started
2026-08-26 13:00:01 Starting DMS app on port 3000
2026-08-26 13:00:05 Starting Cloudflare tunnel to http://localhost:3000
2026-08-26 13:00:25 Always-run watchdog started
2026-08-26 13:00:27 Starting DMS app on port 3000
2026-08-26 13:00:32 Public login URL: https://appears-selling-duplicate-alignment.trycloudflare.com/auth/login
2026-08-26 13:00:49 Starting DMS app on port 3000
2026-08-26 13:01:10 Starting DMS app on port 3000
2026-08-26 13:01:31 Starting DMS app on port 3000
2026-08-26 13:01:52 Starting DMS app on port 3000
2026-08-26 13:02:14 Starting DMS app on port 3000
2026-08-26 13:02:35 Starting DMS app on port 3000
2026-08-26 13:02:56 Starting DMS app on port 3000
2026-08-26 13:03:18 Starting DMS app on port 3000
2026-08-26 13:03:41 Starting DMS app on port 3000
2026-08-26 13:04:04 Starting DMS app on port 3000
2026-08-26 13:04:28 Starting DMS app on port 3000
2026-08-26 13:04:51 Starting DMS app on port 3000
2026-08-26 13:05:12 Starting DMS app on port 3000
2026-08-26 13:05:34 Starting DMS app on port 3000
2026-08-26 13:05:55 Starting DMS app on port 3000
2026-08-26 13:06:16 Starting DMS app on port 3000
2026-08-26 13:06:59 Public login URL: https://starter-cocktail-complex-admit.trycloudflare.com/auth/login
2026-08-26 21:42:28 Always-run watchdog started
2026-08-26 21:42:32 Starting DMS app on port 3000
2026-08-26 21:42:50 Starting Cloudflare tunnel to http://localhost:3000
2026-08-26 21:43:12 Starting DMS app on port 3000
2026-08-26 21:43:51 Public login URL: https://tonight-officials-governor-motor.trycloudflare.com/auth/login
2026-08-26 21:44:25 Starting DMS app on port 3000
2026-08-27 05:27:41 Always-run watchdog started
2026-08-27 05:27:43 Starting DMS app on port 3000
2026-08-27 05:27:49 Starting Cloudflare tunnel to http://localhost:3000
2026-08-27 05:28:14 Public login URL: https://gsm-smile-head-faculty.trycloudflare.com/auth/login
2026-08-27 18:38:53 Starting DMS app on port 3000
2026-08-27 20:04:24 Starting DMS app on port 3000
2026-08-27 20:05:39 Starting DMS app on port 3000
2026-08-27 20:07:44 Starting DMS app on port 3000
2026-08-28 06:40:02 Starting DMS app on port 3000
2026-08-29 05:44:48 Always-run watchdog started
2026-08-29 22:30:13 Always-run watchdog started
2026-08-30 19:22:26 Always-run watchdog started
2026-08-30 19:22:30 Starting DMS app on port 3000
2026-08-30 19:22:35 Starting Cloudflare tunnel to http://localhost:3000
2026-08-30 19:22:58 Starting DMS app on port 3000
2026-08-30 19:23:05 Public login URL: https://backed-lookup-population-portfolio.trycloudflare.com/auth/login
2026-09-02 13:45:09 Always-run watchdog started
2026-09-02 13:45:11 Starting DMS app on port 3000
2026-09-02 13:45:16 Starting Cloudflare tunnel to http://localhost:3000
2026-09-02 13:45:50 Public login URL: https://south-isp-chambers-musical.trycloudflare.com/auth/login
2026-09-02 22:37:31 Starting DMS app on port 3000
